!*** Graphical Modeling Framework (GMF) SDK map ********************************************

!*** GMF features ***************************************************************************
feature@org.eclipse.gmf.sdk=S20060303-1600,:pserver:anonymous@dev.eclipse.org:/cvsroot/technology,,org.eclipse.gmf/features/org.eclipse.gmf.sdk-feature

!*** GMF plug-ins ***************************************************************************
plugin@org.eclipse.gmf.sdk=S20060303-1600,:pserver:anonymous@dev.eclipse.org:/cvsroot/technology,,org.eclipse.gmf/plugins/org.eclipse.gmf.sdk
plugin@org.eclipse.gmf.common=S20060303-1600,:pserver:anonymous@dev.eclipse.org:/cvsroot/technology,,org.eclipse.gmf/plugins/org.eclipse.gmf.common
plugin@org.eclipse.gmf.bridge=S20060303-1600,:pserver:anonymous@dev.eclipse.org:/cvsroot/technology,,org.eclipse.gmf/plugins/org.eclipse.gmf.bridge
plugin@org.eclipse.gmf.bridge.ui=S20060303-1600,:pserver:anonymous@dev.eclipse.org:/cvsroot/technology,,org.eclipse.gmf/plugins/org.eclipse.gmf.bridge.ui
plugin@org.eclipse.gmf.bridge.ui.dashboard=S20060303-1600,:pserver:anonymous@dev.eclipse.org:/cvsroot/technology,,org.eclipse.gmf/plugins/org.eclipse.gmf.bridge.ui.dashboard
plugin@org.eclipse.gmf.codegen=S20060303-1600,:pserver:anonymous@dev.eclipse.org:/cvsroot/technology,,org.eclipse.gmf/plugins/org.eclipse.gmf.codegen
plugin@org.eclipse.gmf.codegen.edit=S20060303-1600,:pserver:anonymous@dev.eclipse.org:/cvsroot/technology,,org.eclipse.gmf/plugins/org.eclipse.gmf.codegen.edit
plugin@org.eclipse.gmf.codegen.ui=S20060303-1600,:pserver:anonymous@dev.eclipse.org:/cvsroot/technology,,org.eclipse.gmf/plugins/org.eclipse.gmf.codegen.ui
plugin@org.eclipse.gmf.graphdef=S20060303-1600,:pserver:anonymous@dev.eclipse.org:/cvsroot/technology,,org.eclipse.gmf/plugins/org.eclipse.gmf.graphdef
plugin@org.eclipse.gmf.graphdef.codegen=S20060303-1600,:pserver:anonymous@dev.eclipse.org:/cvsroot/technology,,org.eclipse.gmf/plugins/org.eclipse.gmf.graphdef.codegen
plugin@org.eclipse.gmf.graphdef.codegen.ui=S20060303-1600,:pserver:anonymous@dev.eclipse.org:/cvsroot/technology,,org.eclipse.gmf/plugins/org.eclipse.gmf.graphdef.codegen.ui
plugin@org.eclipse.gmf.graphdef.edit=S20060303-1600,:pserver:anonymous@dev.eclipse.org:/cvsroot/technology,,org.eclipse.gmf/plugins/org.eclipse.gmf.graphdef.edit
plugin@org.eclipse.gmf.map=S20060303-1600,:pserver:anonymous@dev.eclipse.org:/cvsroot/technology,,org.eclipse.gmf/plugins/org.eclipse.gmf.map
plugin@org.eclipse.gmf.map.edit=S20060303-1600,:pserver:anonymous@dev.eclipse.org:/cvsroot/technology,,org.eclipse.gmf/plugins/org.eclipse.gmf.map.edit
plugin@org.eclipse.gmf.tooldef=S20060303-1600,:pserver:anonymous@dev.eclipse.org:/cvsroot/technology,,org.eclipse.gmf/plugins/org.eclipse.gmf.tooldef
plugin@org.eclipse.gmf.tooldef.edit=S20060303-1600,:pserver:anonymous@dev.eclipse.org:/cvsroot/technology,,org.eclipse.gmf/plugins/org.eclipse.gmf.tooldef.edit