!*** Graphical Modeling Framework (GMF) SDK map ********************************************

!*** GMF Experimental features ***************************************************************************
feature@org.eclipse.gmf.sdk.experimental=v20060609-1400,:pserver:anonymous@dev.eclipse.org:/cvsroot/technology,,org.eclipse.gmf/features/org.eclipse.gmf.sdk.experimental-feature

!*** GMF Experimental plug-ins ***************************************************************************
plugin@org.eclipse.gmf.codegen.lite=v20060609-1400,:pserver:anonymous@dev.eclipse.org:/cvsroot/technology,,org.eclipse.gmf/plugins/org.eclipse.gmf.codegen.lite
plugin@org.eclipse.gmf.codegen.lite.ui=v20060531-1730,:pserver:anonymous@dev.eclipse.org:/cvsroot/technology,,org.eclipse.gmf/plugins/org.eclipse.gmf.codegen.lite.ui
plugin@org.eclipse.gmf.graphdef.editor=v20060609-1400,:pserver:anonymous@dev.eclipse.org:/cvsroot/technology,,org.eclipse.gmf/plugins/org.eclipse.gmf.graphdef.editor
plugin@org.eclipse.gmf.bridge.trace=HEAD,:pserver:anonymous@dev.eclipse.org:/cvsroot/technology,,org.eclipse.gmf/plugins/org.eclipse.gmf.bridge.trace
!*** ECore sample plugin is in the gmf-examples.map

!** GMF Experimental tests *********************************************************
feature@org.eclipse.gmf.tests.experimental=HEAD,:pserver:anonymous@dev.eclipse.org:/cvsroot/technology,,org.eclipse.gmf/tests/org.eclipse.gmf.tests.experimental-feature
plugin@org.eclipse.gmf.tests.lite=HEAD,:pserver:anonymous@dev.eclipse.org:/cvsroot/technology,,org.eclipse.gmf/tests/org.eclipse.gmf.tests.lite
