!*** Graphical Modeling Framework (GMF) SDK map ********************************************

!*** GMF features ***************************************************************************
feature@org.eclipse.gmf.sdk=M3_10,:pserver:anonymous@dev.eclipse.org:/cvsroot/technology,,org.eclipse.gmf/features/org.eclipse.gmf.sdk-feature

!*** GMF plug-ins ***************************************************************************
plugin@org.eclipse.gmf.sdk=M3_10,:pserver:anonymous@dev.eclipse.org:/cvsroot/technology,,org.eclipse.gmf/plugins/org.eclipse.gmf.sdk
plugin@org.eclipse.gmf.bridge=M3_10,:pserver:anonymous@dev.eclipse.org:/cvsroot/technology,,org.eclipse.gmf/plugins/org.eclipse.gmf.bridge
plugin@org.eclipse.gmf.codegen=I20051124-2000,:pserver:anonymous@dev.eclipse.org:/cvsroot/technology,,org.eclipse.gmf/plugins/org.eclipse.gmf.codegen
plugin@org.eclipse.gmf.codegen.edit=I20051124-2000,:pserver:anonymous@dev.eclipse.org:/cvsroot/technology,,org.eclipse.gmf/plugins/org.eclipse.gmf.codegen.edit
plugin@org.eclipse.gmf.codegen.ui=M3_10,:pserver:anonymous@dev.eclipse.org:/cvsroot/technology,,org.eclipse.gmf/plugins/org.eclipse.gmf.codegen.ui
plugin@org.eclipse.gmf.diadef=M3_10,:pserver:anonymous@dev.eclipse.org:/cvsroot/technology,,org.eclipse.gmf/plugins/org.eclipse.gmf.diadef
plugin@org.eclipse.gmf.diadef.edit=M3_10,:pserver:anonymous@dev.eclipse.org:/cvsroot/technology,,org.eclipse.gmf/plugins/org.eclipse.gmf.diadef.edit
plugin@org.eclipse.gmf.map=I20051124-2000,:pserver:anonymous@dev.eclipse.org:/cvsroot/technology,,org.eclipse.gmf/plugins/org.eclipse.gmf.map
plugin@org.eclipse.gmf.map.edit=I20051124-2000,:pserver:anonymous@dev.eclipse.org:/cvsroot/technology,,org.eclipse.gmf/plugins/org.eclipse.gmf.map.edit