!*** Graphical Modeling Framework (GMF) examples map *****************************************

!*** GMF features ***************************************************************************
feature@org.eclipse.gmf.examples=M3_10,:pserver:anonymous@dev.eclipse.org:/cvsroot/technology,,org.eclipse.gmf/features/org.eclipse.gmf.examples-feature

!*** GMF plug-ins ***************************************************************************
plugin@org.eclipse.gmf.examples=M3_10,:pserver:anonymous@dev.eclipse.org:/cvsroot/technology,,org.eclipse.gmf/examples/org.eclipse.gmf.examples
plugin@org.eclipse.gmf.examples.runtime.common.service=M3_10,:pserver:anonymous@dev.eclipse.org:/cvsroot/technology,,org.eclipse.gmf/examples/org.eclipse.gmf.examples.runtime.common.service
plugin@org.eclipse.gmf.examples.runtime.diagram.geoshapes=I20051201-1800,:pserver:anonymous@dev.eclipse.org:/cvsroot/technology,,org.eclipse.gmf/examples/org.eclipse.gmf.examples.runtime.diagram.geoshapes
plugin@org.eclipse.gmf.examples.runtime.diagram.logic=I20051201-1800,:pserver:anonymous@dev.eclipse.org:/cvsroot/technology,,org.eclipse.gmf/examples/org.eclipse.gmf.examples.runtime.diagram.logic
plugin@org.eclipse.gmf.examples.runtime.diagram.logic.model=M3_10,:pserver:anonymous@dev.eclipse.org:/cvsroot/technology,,org.eclipse.gmf/examples/org.eclipse.gmf.examples.runtime.diagram.logic.model
plugin@org.eclipse.gmf.examples.runtime.diagram.logic.model.edit=M3_10,:pserver:anonymous@dev.eclipse.org:/cvsroot/technology,,org.eclipse.gmf/examples/org.eclipse.gmf.examples.runtime.diagram.logic.model.edit
plugin@org.eclipse.gmf.examples.runtime.diagram.decorator=M3_10,:pserver:anonymous@dev.eclipse.org:/cvsroot/technology,,org.eclipse.gmf/examples/org.eclipse.gmf.examples.runtime.diagram.decorator
plugin@org.eclipse.gmf.examples.runtime.diagram.layout=I20051124-2000,:pserver:anonymous@dev.eclipse.org:/cvsroot/technology,,org.eclipse.gmf/examples/org.eclipse.gmf.examples.runtime.diagram.layout
plugin@org.eclipse.gmf.examples.runtime.ui.pde=M3_10,:pserver:anonymous@dev.eclipse.org:/cvsroot/technology,,org.eclipse.gmf/examples/org.eclipse.gmf.examples.runtime.ui.pde
plugin@org.eclipse.gmf.examples.runtime.emf=M3_10,:pserver:anonymous@dev.eclipse.org:/cvsroot/technology,,org.eclipse.gmf/examples/org.eclipse.gmf.examples.runtime.emf
plugin@org.eclipse.gmf.examples.runtime.emf.clipboard=M3_10,:pserver:anonymous@dev.eclipse.org:/cvsroot/technology,,org.eclipse.gmf/examples/org.eclipse.gmf.examples.runtime.emf.clipboard

!*** TODO: remove when moved to EMFT, if not before
plugin@org.eclipse.emf.examples.library=build_200512011155,:pserver:anonymous@dev.eclipse.org:/cvsroot/tools,,org.eclipse.emf/examples/org.eclipse.emf.examples.library
plugin@org.eclipse.emf.examples.library.edit=build_200512011155,:pserver:anonymous@dev.eclipse.org:/cvsroot/tools,,org.eclipse.emf/examples/org.eclipse.emf.examples.library.edit
plugin@org.eclipse.emf.examples.library.editor=build_200512011155,:pserver:anonymous@dev.eclipse.org:/cvsroot/tools,,org.eclipse.emf/examples/org.eclipse.emf.examples.library.editor