!*** Graphical Modeling Framework (GMF) SDK map ********************************************

!*** GMF features ***************************************************************************
feature@org.eclipse.gmf.sdk=v20051030,:pserver:anonymous@dev.eclipse.org:/cvsroot/technology,,org.eclipse.gmf/features/org.eclipse.gmf.sdk-feature

!*** GMF plug-ins ***************************************************************************
plugin@org.eclipse.gmf.sdk=v20051030,:pserver:anonymous@dev.eclipse.org:/cvsroot/technology,,org.eclipse.gmf/plugins/org.eclipse.gmf.sdk
plugin@org.eclipse.gmf.bridge=v20051030,:pserver:anonymous@dev.eclipse.org:/cvsroot/technology,,org.eclipse.gmf/plugins/org.eclipse.gmf.bridge
plugin@org.eclipse.gmf.codegen=v20051030,:pserver:anonymous@dev.eclipse.org:/cvsroot/technology,,org.eclipse.gmf/plugins/org.eclipse.gmf.codegen
plugin@org.eclipse.gmf.codegen.edit=v20051030,:pserver:anonymous@dev.eclipse.org:/cvsroot/technology,,org.eclipse.gmf/plugins/org.eclipse.gmf.codegen.edit
plugin@org.eclipse.gmf.codegen.ui=v20051030,:pserver:anonymous@dev.eclipse.org:/cvsroot/technology,,org.eclipse.gmf/plugins/org.eclipse.gmf.codegen.ui
plugin@org.eclipse.gmf.diadef=v20051030,:pserver:anonymous@dev.eclipse.org:/cvsroot/technology,,org.eclipse.gmf/plugins/org.eclipse.gmf.diadef
plugin@org.eclipse.gmf.diadef.edit=v20051030,:pserver:anonymous@dev.eclipse.org:/cvsroot/technology,,org.eclipse.gmf/plugins/org.eclipse.gmf.diadef.edit
plugin@org.eclipse.gmf.map=v20051030,:pserver:anonymous@dev.eclipse.org:/cvsroot/technology,,org.eclipse.gmf/plugins/org.eclipse.gmf.map
plugin@org.eclipse.gmf.map.edit=v20051030,:pserver:anonymous@dev.eclipse.org:/cvsroot/technology,,org.eclipse.gmf/plugins/org.eclipse.gmf.map.edit