!*** Graphical Modeling Framework (GMF) tests map *******************************************

!*** GMF features ***************************************************************************
feature@org.eclipse.gmf.tests=I20051124-2000,:pserver:anonymous@dev.eclipse.org:/cvsroot/technology,,org.eclipse.gmf/features/org.eclipse.gmf.tests-feature

!*** GMF plug-ins ***************************************************************************
plugin@org.eclipse.gmf.tests=I20051201-1800,:pserver:anonymous@dev.eclipse.org:/cvsroot/technology,,org.eclipse.gmf/tests/org.eclipse.gmf.tests
plugin@org.eclipse.gmf.tests.runtime.common.core=M3_10,:pserver:anonymous@dev.eclipse.org:/cvsroot/technology,,org.eclipse.gmf/tests/org.eclipse.gmf.tests.runtime.common.core
plugin@org.eclipse.gmf.tests.runtime.common.ui.services.action=M3_10,:pserver:anonymous@dev.eclipse.org:/cvsroot/technology,,org.eclipse.gmf/tests/org.eclipse.gmf.tests.runtime.common.ui.services.action
plugin@org.eclipse.gmf.tests.runtime.common.ui.services.provider=M3_10,:pserver:anonymous@dev.eclipse.org:/cvsroot/technology,,org.eclipse.gmf/tests/org.eclipse.gmf.tests.runtime.common.ui.services.provider
plugin@org.eclipse.gmf.tests.runtime.common.ui=M3_10,:pserver:anonymous@dev.eclipse.org:/cvsroot/technology,,org.eclipse.gmf/tests/org.eclipse.gmf.tests.runtime.common.ui
plugin@org.eclipse.gmf.tests.runtime.diagram.ui=I20051201-1800,:pserver:anonymous@dev.eclipse.org:/cvsroot/technology,,org.eclipse.gmf/tests/org.eclipse.gmf.tests.runtime.diagram.ui
plugin@org.eclipse.gmf.tests.runtime.draw2d.ui.render=I20051201-1800,:pserver:anonymous@dev.eclipse.org:/cvsroot/technology,,org.eclipse.gmf/tests/org.eclipse.gmf.tests.runtime.draw2d.ui.render
plugin@org.eclipse.gmf.tests.runtime.draw2d.ui=M3_10,:pserver:anonymous@dev.eclipse.org:/cvsroot/technology,,org.eclipse.gmf/tests/org.eclipse.gmf.tests.runtime.draw2d.ui
plugin@org.eclipse.gmf.tests.runtime.gef.ui=M3_10,:pserver:anonymous@dev.eclipse.org:/cvsroot/technology,,org.eclipse.gmf/tests/org.eclipse.gmf.tests.runtime.gef.ui
plugin@org.eclipse.gmf.tests.runtime.emf.clipboard.core=M3_10,:pserver:anonymous@dev.eclipse.org:/cvsroot/technology,,org.eclipse.gmf/tests/org.eclipse.gmf.tests.runtime.emf.clipboard.core
plugin@org.eclipse.gmf.tests.runtime.emf.commands.core=M3_10,:pserver:anonymous@dev.eclipse.org:/cvsroot/technology,,org.eclipse.gmf/tests/org.eclipse.gmf.tests.runtime.emf.commands.core
plugin@org.eclipse.gmf.tests.runtime.emf.core=I20051201-1800,:pserver:anonymous@dev.eclipse.org:/cvsroot/technology,,org.eclipse.gmf/tests/org.eclipse.gmf.tests.runtime.emf.core
plugin@org.eclipse.gmf.tests.runtime.emf.ui=M3_10,:pserver:anonymous@dev.eclipse.org:/cvsroot/technology,,org.eclipse.gmf/tests/org.eclipse.gmf.tests.runtime.emf.ui
plugin@org.eclipse.gmf.tests.runtime.emf.ui.properties=M3_10,:pserver:anonymous@dev.eclipse.org:/cvsroot/technology,,org.eclipse.gmf/tests/org.eclipse.gmf.tests.runtime.emf.ui.properties
plugin@org.eclipse.gmf.tests.runtime.emf.type.core=M3_10,:pserver:anonymous@dev.eclipse.org:/cvsroot/technology,,org.eclipse.gmf/tests/org.eclipse.gmf.tests.runtime.emf.type.core
plugin@org.eclipse.gmf.tests.runtime.emf.type.ui=M3_10,:pserver:anonymous@dev.eclipse.org:/cvsroot/technology,,org.eclipse.gmf/tests/org.eclipse.gmf.tests.runtime.emf.type.ui