!*** Graphical Modeling Framework (GMF) tests map *******************************************

!*** GMF features ***************************************************************************
feature@org.eclipse.gmf.tests=R2_0_maintenance,:pserver:anonymous@dev.eclipse.org:/cvsroot/modeling,,org.eclipse.gmf/features/org.eclipse.gmf.tests-feature

!*** GMF plug-ins ***************************************************************************
plugin@org.eclipse.gmf.tests=R2_0_maintenance,:pserver:anonymous@dev.eclipse.org:/cvsroot/modeling,,org.eclipse.gmf/tests/org.eclipse.gmf.tests
plugin@org.eclipse.gmf.tests.runtime.common.core=R2_0_maintenance,:pserver:anonymous@dev.eclipse.org:/cvsroot/modeling,,org.eclipse.gmf/tests/org.eclipse.gmf.tests.runtime.common.core
plugin@org.eclipse.gmf.tests.runtime.common.ui.services=R2_0_maintenance,:pserver:anonymous@dev.eclipse.org:/cvsroot/modeling,,org.eclipse.gmf/tests/org.eclipse.gmf.tests.runtime.common.ui.services
plugin@org.eclipse.gmf.tests.runtime.common.ui.services.action=R2_0_maintenance,:pserver:anonymous@dev.eclipse.org:/cvsroot/modeling,,org.eclipse.gmf/tests/org.eclipse.gmf.tests.runtime.common.ui.services.action
plugin@org.eclipse.gmf.tests.runtime.common.ui.services.provider=R2_0_maintenance,:pserver:anonymous@dev.eclipse.org:/cvsroot/modeling,,org.eclipse.gmf/tests/org.eclipse.gmf.tests.runtime.common.ui.services.provider
plugin@org.eclipse.gmf.tests.runtime.common.ui=R2_0_maintenance,:pserver:anonymous@dev.eclipse.org:/cvsroot/modeling,,org.eclipse.gmf/tests/org.eclipse.gmf.tests.runtime.common.ui
plugin@org.eclipse.gmf.tests.runtime.diagram.ui=R2_0_maintenance,:pserver:anonymous@dev.eclipse.org:/cvsroot/modeling,,org.eclipse.gmf/tests/org.eclipse.gmf.tests.runtime.diagram.ui
plugin@org.eclipse.gmf.tests.runtime.draw2d.ui.render=R2_0_maintenance,:pserver:anonymous@dev.eclipse.org:/cvsroot/modeling,,org.eclipse.gmf/tests/org.eclipse.gmf.tests.runtime.draw2d.ui.render
plugin@org.eclipse.gmf.tests.runtime.draw2d.ui=R2_0_maintenance,:pserver:anonymous@dev.eclipse.org:/cvsroot/modeling,,org.eclipse.gmf/tests/org.eclipse.gmf.tests.runtime.draw2d.ui
plugin@org.eclipse.gmf.tests.runtime.gef.ui=R2_0_maintenance,:pserver:anonymous@dev.eclipse.org:/cvsroot/modeling,,org.eclipse.gmf/tests/org.eclipse.gmf.tests.runtime.gef.ui
plugin@org.eclipse.gmf.tests.runtime.emf.clipboard.core=R2_0_maintenance,:pserver:anonymous@dev.eclipse.org:/cvsroot/modeling,,org.eclipse.gmf/tests/org.eclipse.gmf.tests.runtime.emf.clipboard.core
plugin@org.eclipse.gmf.tests.runtime.emf.commands.core=R2_0_maintenance,:pserver:anonymous@dev.eclipse.org:/cvsroot/modeling,,org.eclipse.gmf/tests/org.eclipse.gmf.tests.runtime.emf.commands.core
plugin@org.eclipse.gmf.tests.runtime.emf.ui=R2_0_maintenance,:pserver:anonymous@dev.eclipse.org:/cvsroot/modeling,,org.eclipse.gmf/tests/org.eclipse.gmf.tests.runtime.emf.ui
plugin@org.eclipse.gmf.tests.runtime.emf.ui.properties=R2_0_maintenance,:pserver:anonymous@dev.eclipse.org:/cvsroot/modeling,,org.eclipse.gmf/tests/org.eclipse.gmf.tests.runtime.emf.ui.properties
plugin@org.eclipse.gmf.tests.runtime.emf.type.core=R2_0_maintenance,:pserver:anonymous@dev.eclipse.org:/cvsroot/modeling,,org.eclipse.gmf/tests/org.eclipse.gmf.tests.runtime.emf.type.core
plugin@org.eclipse.gmf.tests.runtime.emf.type.ui=R2_0_maintenance,:pserver:anonymous@dev.eclipse.org:/cvsroot/modeling,,org.eclipse.gmf/tests/org.eclipse.gmf.tests.runtime.emf.type.ui