!*** Graphical Modeling Framework (GMF) examples map *****************************************

!*** GMF features ***************************************************************************
feature@org.eclipse.gmf.examples=v20070403-1500,:pserver:anonymous@dev.eclipse.org:/cvsroot/modeling,,org.eclipse.gmf/features/org.eclipse.gmf.examples-feature
feature@org.eclipse.gmf.examples.pde=v20070330-1300,:pserver:anonymous@dev.eclipse.org:/cvsroot/modeling,,org.eclipse.gmf/features/org.eclipse.gmf.examples.pde-feature

!*** GMF plug-ins ***************************************************************************
plugin@org.eclipse.gmf.examples=v20070403-1500,:pserver:anonymous@dev.eclipse.org:/cvsroot/modeling,,org.eclipse.gmf/examples/org.eclipse.gmf.examples
plugin@org.eclipse.gmf.examples.runtime.common.service=v20070330-1300,:pserver:anonymous@dev.eclipse.org:/cvsroot/modeling,,org.eclipse.gmf/examples/org.eclipse.gmf.examples.runtime.common.service
plugin@org.eclipse.gmf.examples.runtime.diagram.geoshapes=v20070330-1300,:pserver:anonymous@dev.eclipse.org:/cvsroot/modeling,,org.eclipse.gmf/examples/org.eclipse.gmf.examples.runtime.diagram.geoshapes
plugin@org.eclipse.gmf.examples.runtime.diagram.logic=v20070330-1300,:pserver:anonymous@dev.eclipse.org:/cvsroot/modeling,,org.eclipse.gmf/examples/org.eclipse.gmf.examples.runtime.diagram.logic
plugin@org.eclipse.gmf.examples.runtime.diagram.logic.model=v20070330-1300,:pserver:anonymous@dev.eclipse.org:/cvsroot/modeling,,org.eclipse.gmf/examples/org.eclipse.gmf.examples.runtime.diagram.logic.model
plugin@org.eclipse.gmf.examples.runtime.diagram.logic.model.edit=v20070330-1300,:pserver:anonymous@dev.eclipse.org:/cvsroot/modeling,,org.eclipse.gmf/examples/org.eclipse.gmf.examples.runtime.diagram.logic.model.edit
plugin@org.eclipse.gmf.examples.runtime.diagram.logic.model.editor=v20070330-1300,:pserver:anonymous@dev.eclipse.org:/cvsroot/modeling,,org.eclipse.gmf/examples/org.eclipse.gmf.examples.runtime.diagram.logic.model.editor
plugin@org.eclipse.gmf.examples.runtime.diagram.decorator=v20070330-1300,:pserver:anonymous@dev.eclipse.org:/cvsroot/modeling,,org.eclipse.gmf/examples/org.eclipse.gmf.examples.runtime.diagram.decorator
plugin@org.eclipse.gmf.examples.runtime.diagram.layout=v20070330-1300,:pserver:anonymous@dev.eclipse.org:/cvsroot/modeling,,org.eclipse.gmf/examples/org.eclipse.gmf.examples.runtime.diagram.layout
plugin@org.eclipse.gmf.examples.runtime.ui.pde=v20060616-1200,:pserver:anonymous@dev.eclipse.org:/cvsroot/modeling,,org.eclipse.gmf/examples/org.eclipse.gmf.examples.runtime.ui.pde
plugin@org.eclipse.gmf.examples.runtime.emf.clipboard=v20070330-1300,:pserver:anonymous@dev.eclipse.org:/cvsroot/modeling,,org.eclipse.gmf/examples/org.eclipse.gmf.examples.runtime.emf.clipboard
plugin@org.eclipse.gmf.ecore.editor=v20070405-1100,:pserver:anonymous@dev.eclipse.org:/cvsroot/modeling,,org.eclipse.gmf/examples/org.eclipse.gmf.ecore.editor
plugin@org.eclipse.gmf.examples.ui.pde=v20070330-1300,:pserver:anonymous@dev.eclipse.org:/cvsroot/modeling,,org.eclipse.gmf/examples/org.eclipse.gmf.examples.ui.pde