!*** Graphical Modeling Framework (GMF) runtime map *****************************************

!*** GMF features ***************************************************************************
feature@org.eclipse.gmf=HEAD,:pserver:anonymous@dev.eclipse.org:/cvsroot/technology,,org.eclipse.gmf/features/org.eclipse.gmf.runtime-feature

!*** GMF plug-ins ***************************************************************************
plugin@org.eclipse.gmf=HEAD,:pserver:anonymous@dev.eclipse.org:/cvsroot/technology,,org.eclipse.gmf/plugins/org.eclipse.gmf
plugin@org.eclipse.gmf.runtime.gef=HEAD,:pserver:anonymous@dev.eclipse.org:/cvsroot/technology,,org.eclipse.gmf/plugins/org.eclipse.gmf.runtime.gef
plugin@org.eclipse.gmf.runtime.common.core=HEAD,:pserver:anonymous@dev.eclipse.org:/cvsroot/technology,,org.eclipse.gmf/plugins/org.eclipse.gmf.runtime.common.core
plugin@org.eclipse.gmf.runtime.common.core.provider=HEAD,:pserver:anonymous@dev.eclipse.org:/cvsroot/technology,,org.eclipse.gmf/plugins/org.eclipse.gmf.runtime.common.core.provider
plugin@org.eclipse.gmf.runtime.common.ui=HEAD,:pserver:anonymous@dev.eclipse.org:/cvsroot/technology,,org.eclipse.gmf/plugins/org.eclipse.gmf.runtime.common.ui
plugin@org.eclipse.gmf.runtime.common.ui.action=HEAD,:pserver:anonymous@dev.eclipse.org:/cvsroot/technology,,org.eclipse.gmf/plugins/org.eclipse.gmf.runtime.common.ui.action
plugin@org.eclipse.gmf.runtime.common.ui.action.ide=HEAD,:pserver:anonymous@dev.eclipse.org:/cvsroot/technology,,org.eclipse.gmf/plugins/org.eclipse.gmf.runtime.common.ui.action.ide
plugin@org.eclipse.gmf.runtime.common.ui.pathvariables.ide=HEAD,:pserver:anonymous@dev.eclipse.org:/cvsroot/technology,,org.eclipse.gmf/plugins/org.eclipse.gmf.runtime.common.ui.pathvariables.ide
plugin@org.eclipse.gmf.runtime.common.ui.printing=HEAD,:pserver:anonymous@dev.eclipse.org:/cvsroot/technology,,org.eclipse.gmf/plugins/org.eclipse.gmf.runtime.common.ui.printing
plugin@org.eclipse.gmf.runtime.common.ui.services=HEAD,:pserver:anonymous@dev.eclipse.org:/cvsroot/technology,,org.eclipse.gmf/plugins/org.eclipse.gmf.runtime.common.ui.services
plugin@org.eclipse.gmf.runtime.common.ui.services.action=HEAD,:pserver:anonymous@dev.eclipse.org:/cvsroot/technology,,org.eclipse.gmf/plugins/org.eclipse.gmf.runtime.common.ui.services.action
plugin@org.eclipse.gmf.runtime.common.ui.services.dnd=HEAD,:pserver:anonymous@dev.eclipse.org:/cvsroot/technology,,org.eclipse.gmf/plugins/org.eclipse.gmf.runtime.common.ui.services.dnd
plugin@org.eclipse.gmf.runtime.common.ui.services.dnd.ide=HEAD,:pserver:anonymous@dev.eclipse.org:/cvsroot/technology,,org.eclipse.gmf/plugins/org.eclipse.gmf.runtime.common.ui.services.dnd.ide
plugin@org.eclipse.gmf.runtime.common.ui.services.properties=HEAD,:pserver:anonymous@dev.eclipse.org:/cvsroot/technology,,org.eclipse.gmf/plugins/org.eclipse.gmf.runtime.common.ui.services.properties
plugin@org.eclipse.gmf.runtime.diagram.core=HEAD,:pserver:anonymous@dev.eclipse.org:/cvsroot/technology,,org.eclipse.gmf/plugins/org.eclipse.gmf.runtime.diagram.core
plugin@org.eclipse.gmf.runtime.notation=HEAD,:pserver:anonymous@dev.eclipse.org:/cvsroot/technology,,org.eclipse.gmf/plugins/org.eclipse.gmf.runtime.notation
plugin@org.eclipse.gmf.runtime.notation.edit=HEAD,:pserver:anonymous@dev.eclipse.org:/cvsroot/technology,,org.eclipse.gmf/plugins/org.eclipse.gmf.runtime.notation.edit
plugin@org.eclipse.gmf.runtime.notation.providers=HEAD,:pserver:anonymous@dev.eclipse.org:/cvsroot/technology,,org.eclipse.gmf/plugins/org.eclipse.gmf.runtime.notation.providers
plugin@org.eclipse.gmf.runtime.diagram.ui=HEAD,:pserver:anonymous@dev.eclipse.org:/cvsroot/technology,,org.eclipse.gmf/plugins/org.eclipse.gmf.runtime.diagram.ui
plugin@org.eclipse.gmf.runtime.diagram.ui.actions=HEAD,:pserver:anonymous@dev.eclipse.org:/cvsroot/technology,,org.eclipse.gmf/plugins/org.eclipse.gmf.runtime.diagram.ui.actions
plugin@org.eclipse.gmf.runtime.diagram.ui.dnd=HEAD,:pserver:anonymous@dev.eclipse.org:/cvsroot/technology,,org.eclipse.gmf/plugins/org.eclipse.gmf.runtime.diagram.ui.dnd
plugin@org.eclipse.gmf.runtime.diagram.ui.geoshapes=HEAD,:pserver:anonymous@dev.eclipse.org:/cvsroot/technology,,org.eclipse.gmf/plugins/org.eclipse.gmf.runtime.diagram.ui.geoshapes
plugin@org.eclipse.gmf.runtime.diagram.ui.printing=HEAD,:pserver:anonymous@dev.eclipse.org:/cvsroot/technology,,org.eclipse.gmf/plugins/org.eclipse.gmf.runtime.diagram.ui.printing
plugin@org.eclipse.gmf.runtime.diagram.ui.printing.render=HEAD,:pserver:anonymous@dev.eclipse.org:/cvsroot/technology,,org.eclipse.gmf/plugins/org.eclipse.gmf.runtime.diagram.ui.printing.render
plugin@org.eclipse.gmf.runtime.diagram.ui.properties=HEAD,:pserver:anonymous@dev.eclipse.org:/cvsroot/technology,,org.eclipse.gmf/plugins/org.eclipse.gmf.runtime.diagram.ui.properties
plugin@org.eclipse.gmf.runtime.diagram.ui.providers=HEAD,:pserver:anonymous@dev.eclipse.org:/cvsroot/technology,,org.eclipse.gmf/plugins/org.eclipse.gmf.runtime.diagram.ui.providers
plugin@org.eclipse.gmf.runtime.diagram.ui.providers.ide=HEAD,:pserver:anonymous@dev.eclipse.org:/cvsroot/technology,,org.eclipse.gmf/plugins/org.eclipse.gmf.runtime.diagram.ui.providers.ide
plugin@org.eclipse.gmf.runtime.diagram.ui.render=HEAD,:pserver:anonymous@dev.eclipse.org:/cvsroot/technology,,org.eclipse.gmf/plugins/org.eclipse.gmf.runtime.diagram.ui.render
plugin@org.eclipse.gmf.runtime.diagram.ui.resources.editor=HEAD,:pserver:anonymous@dev.eclipse.org:/cvsroot/technology,,org.eclipse.gmf/plugins/org.eclipse.gmf.runtime.diagram.ui.resources.editor
plugin@org.eclipse.gmf.runtime.diagram.ui.resources.editor.ide=HEAD,:pserver:anonymous@dev.eclipse.org:/cvsroot/technology,,org.eclipse.gmf/plugins/org.eclipse.gmf.runtime.diagram.ui.resources.editor.ide
plugin@org.eclipse.gmf.runtime.draw2d.ui=HEAD,:pserver:anonymous@dev.eclipse.org:/cvsroot/technology,,org.eclipse.gmf/plugins/org.eclipse.gmf.runtime.draw2d.ui
plugin@org.eclipse.gmf.runtime.draw2d.ui.render=HEAD,:pserver:anonymous@dev.eclipse.org:/cvsroot/technology,,org.eclipse.gmf/plugins/org.eclipse.gmf.runtime.draw2d.ui.render
plugin@org.eclipse.gmf.runtime.gef.ui=HEAD,:pserver:anonymous@dev.eclipse.org:/cvsroot/technology,,org.eclipse.gmf/plugins/org.eclipse.gmf.runtime.gef.ui
plugin@org.eclipse.gmf.runtime.emf.commands.core=HEAD,:pserver:anonymous@dev.eclipse.org:/cvsroot/technology,,org.eclipse.gmf/plugins/org.eclipse.gmf.runtime.emf.commands.core
plugin@org.eclipse.gmf.runtime.emf.core=HEAD,:pserver:anonymous@dev.eclipse.org:/cvsroot/technology,,org.eclipse.gmf/plugins/org.eclipse.gmf.runtime.emf.core
plugin@org.eclipse.gmf.runtime.emf.ui=HEAD,:pserver:anonymous@dev.eclipse.org:/cvsroot/technology,,org.eclipse.gmf/plugins/org.eclipse.gmf.runtime.emf.ui
plugin@org.eclipse.gmf.runtime.emf.ui.properties=HEAD,:pserver:anonymous@dev.eclipse.org:/cvsroot/technology,,org.eclipse.gmf/plugins/org.eclipse.gmf.runtime.emf.ui.properties
plugin@org.eclipse.gmf.runtime.emf.type.core=HEAD,:pserver:anonymous@dev.eclipse.org:/cvsroot/technology,,org.eclipse.gmf/plugins/org.eclipse.gmf.runtime.emf.type.core
plugin@org.eclipse.gmf.runtime.emf.type.ui=HEAD,:pserver:anonymous@dev.eclipse.org:/cvsroot/technology,,org.eclipse.gmf/plugins/org.eclipse.gmf.runtime.emf.type.ui
plugin@org.eclipse.gmf.runtime.emf.clipboard.core=HEAD,:pserver:anonymous@dev.eclipse.org:/cvsroot/technology,,org.eclipse.gmf/plugins/org.eclipse.gmf.runtime.emf.clipboard.core

!*** GMF fragments ***************************************************************************
fragment@org.eclipse.gmf.runtime.emf.ui.transfer.providers=HEAD,:pserver:anonymous@dev.eclipse.org:/cvsroot/technology,,org.eclipse.gmf/plugins/org.eclipse.gmf.runtime.emf.ui.transfer.providers
fragment@org.eclipse.gmf.runtime.common.ui.printing.win32=HEAD,:pserver:anonymous@dev.eclipse.org:/cvsroot/technology,,org.eclipse.gmf/plugins/org.eclipse.gmf.runtime.common.ui.printing.win32

!*** Third-party dependencies ***
!*** TODO: move to its own feature and include? ***
plugin@org.apache.batik=HEAD,:pserver:anonymous@dev.eclipse.org:/cvsroot/technology,,org.eclipse.gmf/plugins/org.apache.batik

!*** TODO: remove when moved to EMFT (install as usual with dependencies)
plugin@org.eclipse.emf.validation=HEAD,:pserver:anonymous@dev.eclipse.org:/cvsroot/technology,,org.eclipse.gmf/contributions/emft/org.eclipse.emf.validation