!*** Graphical Modeling Framework (GMF) tests map *******************************************

!*** GMF features ***************************************************************************
feature@org.eclipse.gmf.tests=HEAD,:pserver:anonymous@dev.eclipse.org:/home/technology,,org.eclipse.gmf/features/org.eclipse.gmf.tests-feature

!*** GMF plug-ins ***************************************************************************
plugin@org.eclipse.gmf.tests=HEAD,:pserver:anonymous@dev.eclipse.org:/home/technology,,org.eclipse.gmf/tests/org.eclipse.gmf.tests
plugin@org.eclipse.gmf.tests.runtime.common.core=HEAD,:pserver:anonymous@dev.eclipse.org:/home/technology,,org.eclipse.gmf/tests/org.eclipse.gmf.tests.runtime.common.core
plugin@org.eclipse.gmf.tests.runtime.common.ui.services.action=HEAD,:pserver:anonymous@dev.eclipse.org:/home/technology,,org.eclipse.gmf/tests/org.eclipse.gmf.tests.runtime.common.ui.services.action
plugin@org.eclipse.gmf.tests.runtime.common.ui=HEAD,:pserver:anonymous@dev.eclipse.org:/home/technology,,org.eclipse.gmf/tests/org.eclipse.gmf.tests.runtime.common.ui
plugin@org.eclipse.gmf.tests.runtime.diagram.ui=HEAD,:pserver:anonymous@dev.eclipse.org:/home/technology,,org.eclipse.gmf/tests/org.eclipse.gmf.tests.runtime.diagram.ui
plugin@org.eclipse.gmf.tests.runtime.draw2d.ui.render=HEAD,:pserver:anonymous@dev.eclipse.org:/home/technology,,org.eclipse.gmf/tests/org.eclipse.gmf.tests.runtime.draw2d.ui.render
plugin@org.eclipse.gmf.tests.runtime.draw2d.ui=HEAD,:pserver:anonymous@dev.eclipse.org:/home/technology,,org.eclipse.gmf/tests/org.eclipse.gmf.tests.runtime.draw2d.ui
plugin@org.eclipse.gmf.tests.runtime.gef.ui=HEAD,:pserver:anonymous@dev.eclipse.org:/home/technology,,org.eclipse.gmf/tests/org.eclipse.gmf.tests.runtime.gef.ui
plugin@org.eclipse.gmf.tests.runtime.emf.commands.core=HEAD,:pserver:anonymous@dev.eclipse.org:/home/technology,,org.eclipse.gmf/tests/org.eclipse.gmf.tests.runtime.emf.commands.core
plugin@org.eclipse.gmf.tests.runtime.emf.core=HEAD,:pserver:anonymous@dev.eclipse.org:/home/technology,,org.eclipse.gmf/tests/org.eclipse.gmf.tests.runtime.emf.core
plugin@org.eclipse.gmf.tests.runtime.emf.ui=HEAD,:pserver:anonymous@dev.eclipse.org:/home/technology,,org.eclipse.gmf/tests/org.eclipse.gmf.tests.runtime.emf.ui
plugin@org.eclipse.gmf.tests.runtime.emf.ui.properties=HEAD,:pserver:anonymous@dev.eclipse.org:/home/technology,,org.eclipse.gmf/tests/org.eclipse.gmf.tests.runtime.emf.ui.properties
plugin@org.eclipse.gmf.tests.runtime.emf.type.core=HEAD,:pserver:anonymous@dev.eclipse.org:/home/technology,,org.eclipse.gmf/tests/org.eclipse.gmf.tests.runtime.emf.type.core
plugin@org.eclipse.gmf.tests.runtime.emf.type.ui=HEAD,:pserver:anonymous@dev.eclipse.org:/home/technology,,org.eclipse.gmf/tests/org.eclipse.gmf.tests.runtime.emf.type.ui

!*** TODO: remove when moved to EMFT, if not before
plugin@org.eclipse.emf.examples.library=HEAD,:pserver:anonymous@dev.eclipse.org:/home/technology,,org.eclipse.gmf/contributions/emft/org.eclipse.emf.examples.library
