!*** Graphical Modeling Framework (GMF) runtime map *****************************************

!*** GMF features ***************************************************************************
feature@org.eclipse.gmf=v20060728-0500,:pserver:anonymous@dev.eclipse.org:/cvsroot/technology,,org.eclipse.gmf/features/org.eclipse.gmf.runtime-feature

!*** GMF plug-ins ***************************************************************************
plugin@org.eclipse.gmf=v20060713-1700,:pserver:anonymous@dev.eclipse.org:/cvsroot/technology,,org.eclipse.gmf/plugins/org.eclipse.gmf
plugin@org.eclipse.gmf.runtime.common.core=v20060803-1200,:pserver:anonymous@dev.eclipse.org:/cvsroot/technology,,org.eclipse.gmf/plugins/org.eclipse.gmf.runtime.common.core
plugin@org.eclipse.gmf.runtime.common.ui=v20060803-1200,:pserver:anonymous@dev.eclipse.org:/cvsroot/technology,,org.eclipse.gmf/plugins/org.eclipse.gmf.runtime.common.ui
plugin@org.eclipse.gmf.runtime.common.ui.action=v20060721-1130,:pserver:anonymous@dev.eclipse.org:/cvsroot/technology,,org.eclipse.gmf/plugins/org.eclipse.gmf.runtime.common.ui.action
plugin@org.eclipse.gmf.runtime.common.ui.action.ide=v20060713-1700,:pserver:anonymous@dev.eclipse.org:/cvsroot/technology,,org.eclipse.gmf/plugins/org.eclipse.gmf.runtime.common.ui.action.ide
plugin@org.eclipse.gmf.runtime.common.ui.printing=v20060803-1200,:pserver:anonymous@dev.eclipse.org:/cvsroot/technology,,org.eclipse.gmf/plugins/org.eclipse.gmf.runtime.common.ui.printing
plugin@org.eclipse.gmf.runtime.common.ui.services=v20060803-1200,:pserver:anonymous@dev.eclipse.org:/cvsroot/technology,,org.eclipse.gmf/plugins/org.eclipse.gmf.runtime.common.ui.services
plugin@org.eclipse.gmf.runtime.common.ui.services.action=v20060713-1700,:pserver:anonymous@dev.eclipse.org:/cvsroot/technology,,org.eclipse.gmf/plugins/org.eclipse.gmf.runtime.common.ui.services.action
plugin@org.eclipse.gmf.runtime.common.ui.services.dnd=v20060713-1700,:pserver:anonymous@dev.eclipse.org:/cvsroot/technology,,org.eclipse.gmf/plugins/org.eclipse.gmf.runtime.common.ui.services.dnd
plugin@org.eclipse.gmf.runtime.common.ui.services.dnd.ide=v20060721-1130,:pserver:anonymous@dev.eclipse.org:/cvsroot/technology,,org.eclipse.gmf/plugins/org.eclipse.gmf.runtime.common.ui.services.dnd.ide
plugin@org.eclipse.gmf.runtime.common.ui.services.properties=v20060721-1130,:pserver:anonymous@dev.eclipse.org:/cvsroot/technology,,org.eclipse.gmf/plugins/org.eclipse.gmf.runtime.common.ui.services.properties
plugin@org.eclipse.gmf.runtime.diagram.core=v20060803-1200,:pserver:anonymous@dev.eclipse.org:/cvsroot/technology,,org.eclipse.gmf/plugins/org.eclipse.gmf.runtime.diagram.core
plugin@org.eclipse.gmf.runtime.notation=v20060728-0500,:pserver:anonymous@dev.eclipse.org:/cvsroot/technology,,org.eclipse.gmf/plugins/org.eclipse.gmf.runtime.notation
plugin@org.eclipse.gmf.runtime.notation.edit=v20060721-1130,:pserver:anonymous@dev.eclipse.org:/cvsroot/technology,,org.eclipse.gmf/plugins/org.eclipse.gmf.runtime.notation.edit
plugin@org.eclipse.gmf.runtime.notation.providers=v20060713-1700,:pserver:anonymous@dev.eclipse.org:/cvsroot/technology,,org.eclipse.gmf/plugins/org.eclipse.gmf.runtime.notation.providers
plugin@org.eclipse.gmf.runtime.diagram.ui=v20060803-1200,:pserver:anonymous@dev.eclipse.org:/cvsroot/technology,,org.eclipse.gmf/plugins/org.eclipse.gmf.runtime.diagram.ui
plugin@org.eclipse.gmf.runtime.diagram.ui.actions=v20060803-1200,:pserver:anonymous@dev.eclipse.org:/cvsroot/technology,,org.eclipse.gmf/plugins/org.eclipse.gmf.runtime.diagram.ui.actions
plugin@org.eclipse.gmf.runtime.diagram.ui.dnd=v20060721-1130,:pserver:anonymous@dev.eclipse.org:/cvsroot/technology,,org.eclipse.gmf/plugins/org.eclipse.gmf.runtime.diagram.ui.dnd
plugin@org.eclipse.gmf.runtime.diagram.ui.geoshapes=v20060721-1130,:pserver:anonymous@dev.eclipse.org:/cvsroot/technology,,org.eclipse.gmf/plugins/org.eclipse.gmf.runtime.diagram.ui.geoshapes
plugin@org.eclipse.gmf.runtime.diagram.ui.printing=v20060721-1130,:pserver:anonymous@dev.eclipse.org:/cvsroot/technology,,org.eclipse.gmf/plugins/org.eclipse.gmf.runtime.diagram.ui.printing
plugin@org.eclipse.gmf.runtime.diagram.ui.printing.render=v20060721-1130,:pserver:anonymous@dev.eclipse.org:/cvsroot/technology,,org.eclipse.gmf/plugins/org.eclipse.gmf.runtime.diagram.ui.printing.render
plugin@org.eclipse.gmf.runtime.diagram.ui.properties=v20060803-1200,:pserver:anonymous@dev.eclipse.org:/cvsroot/technology,,org.eclipse.gmf/plugins/org.eclipse.gmf.runtime.diagram.ui.properties
plugin@org.eclipse.gmf.runtime.diagram.ui.providers=v20060803-1200,:pserver:anonymous@dev.eclipse.org:/cvsroot/technology,,org.eclipse.gmf/plugins/org.eclipse.gmf.runtime.diagram.ui.providers
plugin@org.eclipse.gmf.runtime.diagram.ui.providers.ide=v20060713-1700,:pserver:anonymous@dev.eclipse.org:/cvsroot/technology,,org.eclipse.gmf/plugins/org.eclipse.gmf.runtime.diagram.ui.providers.ide
plugin@org.eclipse.gmf.runtime.diagram.ui.render=v20060721-1130,:pserver:anonymous@dev.eclipse.org:/cvsroot/technology,,org.eclipse.gmf/plugins/org.eclipse.gmf.runtime.diagram.ui.render
plugin@org.eclipse.gmf.runtime.diagram.ui.resources.editor=v20060803-1200,:pserver:anonymous@dev.eclipse.org:/cvsroot/technology,,org.eclipse.gmf/plugins/org.eclipse.gmf.runtime.diagram.ui.resources.editor
plugin@org.eclipse.gmf.runtime.diagram.ui.resources.editor.ide=v20060803-1200,:pserver:anonymous@dev.eclipse.org:/cvsroot/technology,,org.eclipse.gmf/plugins/org.eclipse.gmf.runtime.diagram.ui.resources.editor.ide
plugin@org.eclipse.gmf.runtime.draw2d.ui=v20060803-1200,:pserver:anonymous@dev.eclipse.org:/cvsroot/technology,,org.eclipse.gmf/plugins/org.eclipse.gmf.runtime.draw2d.ui
plugin@org.eclipse.gmf.runtime.draw2d.ui.render=v20060721-1130,:pserver:anonymous@dev.eclipse.org:/cvsroot/technology,,org.eclipse.gmf/plugins/org.eclipse.gmf.runtime.draw2d.ui.render
plugin@org.eclipse.gmf.runtime.draw2d.ui.render.awt=v20060803-1200,:pserver:anonymous@dev.eclipse.org:/cvsroot/technology,,org.eclipse.gmf/plugins/org.eclipse.gmf.runtime.draw2d.ui.render.awt
plugin@org.eclipse.gmf.runtime.gef.ui=v20060721-1130,:pserver:anonymous@dev.eclipse.org:/cvsroot/technology,,org.eclipse.gmf/plugins/org.eclipse.gmf.runtime.gef.ui
plugin@org.eclipse.gmf.runtime.emf.commands.core=v20060713-1700,:pserver:anonymous@dev.eclipse.org:/cvsroot/technology,,org.eclipse.gmf/plugins/org.eclipse.gmf.runtime.emf.commands.core
plugin@org.eclipse.gmf.runtime.emf.core=v20060728-0500,:pserver:anonymous@dev.eclipse.org:/cvsroot/technology,,org.eclipse.gmf/plugins/org.eclipse.gmf.runtime.emf.core
plugin@org.eclipse.gmf.runtime.emf.ui=v20060713-1700,:pserver:anonymous@dev.eclipse.org:/cvsroot/technology,,org.eclipse.gmf/plugins/org.eclipse.gmf.runtime.emf.ui
plugin@org.eclipse.gmf.runtime.emf.ui.properties=v20060713-1700,:pserver:anonymous@dev.eclipse.org:/cvsroot/technology,,org.eclipse.gmf/plugins/org.eclipse.gmf.runtime.emf.ui.properties
plugin@org.eclipse.gmf.runtime.emf.type.core=v20060803-1200,:pserver:anonymous@dev.eclipse.org:/cvsroot/technology,,org.eclipse.gmf/plugins/org.eclipse.gmf.runtime.emf.type.core
plugin@org.eclipse.gmf.runtime.emf.type.ui=v20060713-1700,:pserver:anonymous@dev.eclipse.org:/cvsroot/technology,,org.eclipse.gmf/plugins/org.eclipse.gmf.runtime.emf.type.ui
plugin@org.eclipse.gmf.runtime.emf.clipboard.core=v20060728-0500,:pserver:anonymous@dev.eclipse.org:/cvsroot/technology,,org.eclipse.gmf/plugins/org.eclipse.gmf.runtime.emf.clipboard.core

!*** GMF fragments ***************************************************************************
fragment@org.eclipse.gmf.runtime.common.ui.printing.win32=v20060803-1200,:pserver:anonymous@dev.eclipse.org:/cvsroot/technology,,org.eclipse.gmf/plugins/org.eclipse.gmf.runtime.common.ui.printing.win32