!*** Graphical Modeling Framework (GMF) SDK map ********************************************

!*** GMF Experimental features ***************************************************************************
feature@org.eclipse.gmf.sdk.experimental=v20061117-0800,:pserver:anonymous@dev.eclipse.org:/cvsroot/technology,,org.eclipse.gmf/features/org.eclipse.gmf.sdk.experimental-feature

!*** GMF Experimental plug-ins ***************************************************************************
plugin@org.eclipse.gmf.codegen.lite=v20061222-1800,:pserver:anonymous@dev.eclipse.org:/cvsroot/technology,,org.eclipse.gmf/plugins/org.eclipse.gmf.codegen.lite
plugin@org.eclipse.gmf.codegen.lite.ui=v20061222-1800,:pserver:anonymous@dev.eclipse.org:/cvsroot/technology,,org.eclipse.gmf/plugins/org.eclipse.gmf.codegen.lite.ui
plugin@org.eclipse.gmf.graphdef.editor=v20061214-0000,:pserver:anonymous@dev.eclipse.org:/cvsroot/technology,,org.eclipse.gmf/plugins/org.eclipse.gmf.graphdef.editor
plugin@org.eclipse.gmf.bridge.trace=v20061214-0000,:pserver:anonymous@dev.eclipse.org:/cvsroot/technology,,org.eclipse.gmf/plugins/org.eclipse.gmf.bridge.trace
plugin@org.eclipse.gmf.runtime.lite=v20061222-1800,:pserver:anonymous@dev.eclipse.org:/cvsroot/technology,,org.eclipse.gmf/plugins/org.eclipse.gmf.runtime.lite
!*** ECore sample plugin is in the gmf-examples.map