!*** M2M QVT Operational (QVTO) SDK map ********************************************

!*** QVTO features ***************************************************************************
feature@org.eclipse.m2m.qvt.oml.sdk=v20071214-1800,:pserver:anonymous@dev.eclipse.org:/cvsroot/modeling,,org.eclipse.m2m/org.eclipse.m2m.qvt.oml/features/org.eclipse.m2m.qvt.oml.sdk-feature
feature@org.eclipse.m2m.qvt.oml.common=v20071214-1800,:pserver:anonymous@dev.eclipse.org:/cvsroot/modeling,,org.eclipse.m2m/org.eclipse.m2m.qvt.oml/features/org.eclipse.m2m.qvt.oml.common.feature
feature@org.eclipse.m2m.qvt.oml.editor=v20071214-1800,:pserver:anonymous@dev.eclipse.org:/cvsroot/modeling,,org.eclipse.m2m/org.eclipse.m2m.qvt.oml/features/org.eclipse.m2m.qvt.oml.editor.feature
feature@org.eclipse.m2m.qvt.oml=v20071214-1800,:pserver:anonymous@dev.eclipse.org:/cvsroot/modeling,,org.eclipse.m2m/org.eclipse.m2m.qvt.oml/features/org.eclipse.m2m.qvt.oml.feature
feature@org.eclipse.m2m.qvt.oml.runtime=v20071214-1800,:pserver:anonymous@dev.eclipse.org:/cvsroot/modeling,,org.eclipse.m2m/org.eclipse.m2m.qvt.oml/features/org.eclipse.m2m.qvt.oml.runtime.feature
feature@org.eclipse.m2m.qvt.oml.samples=v20071214-1800,:pserver:anonymous@dev.eclipse.org:/cvsroot/modeling,,org.eclipse.m2m/org.eclipse.m2m.qvt.oml/features/org.eclipse.m2m.qvt.oml.samples.feature

!*** QVTO plug-ins ***************************************************************************
plugin@org.eclipse.m2m.qvt.oml=v20071214-1800,:pserver:anonymous@dev.eclipse.org:/cvsroot/modeling,,org.eclipse.m2m/org.eclipse.m2m.qvt.oml/plugins/org.eclipse.m2m.qvt.oml
plugin@org.eclipse.m2m.qvt.oml.common=v20071214-1800,:pserver:anonymous@dev.eclipse.org:/cvsroot/modeling,,org.eclipse.m2m/org.eclipse.m2m.qvt.oml/plugins/org.eclipse.m2m.qvt.oml.common
plugin@org.eclipse.m2m.qvt.oml.common.ui=v20071214-1800,:pserver:anonymous@dev.eclipse.org:/cvsroot/modeling,,org.eclipse.m2m/org.eclipse.m2m.qvt.oml/plugins/org.eclipse.m2m.qvt.oml.common.ui
plugin@org.eclipse.m2m.qvt.oml.editor.ui=v20071214-1800,:pserver:anonymous@dev.eclipse.org:/cvsroot/modeling,,org.eclipse.m2m/org.eclipse.m2m.qvt.oml/plugins/org.eclipse.m2m.qvt.oml.editor.ui
plugin@org.eclipse.m2m.qvt.oml.emf.util=v20071214-1800,:pserver:anonymous@dev.eclipse.org:/cvsroot/modeling,,org.eclipse.m2m/org.eclipse.m2m.qvt.oml/plugins/org.eclipse.m2m.qvt.oml.emf.util
plugin@org.eclipse.m2m.qvt.oml.emf.util.ui=v20071214-1800,:pserver:anonymous@dev.eclipse.org:/cvsroot/modeling,,org.eclipse.m2m/org.eclipse.m2m.qvt.oml/plugins/org.eclipse.m2m.qvt.oml.emf.util.ui
plugin@org.eclipse.m2m.qvt.oml.ocl=v20071214-1800,:pserver:anonymous@dev.eclipse.org:/cvsroot/modeling,,org.eclipse.m2m/org.eclipse.m2m.qvt.oml/plugins/org.eclipse.m2m.qvt.oml.ocl
plugin@org.eclipse.m2m.qvt.oml.ocl.emf.libraries=v20071214-1800,:pserver:anonymous@dev.eclipse.org:/cvsroot/modeling,,org.eclipse.m2m/org.eclipse.m2m.qvt.oml/plugins/org.eclipse.m2m.qvt.oml.ocl.emf.libraries
plugin@org.eclipse.m2m.qvt.oml.project=v20071214-1800,:pserver:anonymous@dev.eclipse.org:/cvsroot/modeling,,org.eclipse.m2m/org.eclipse.m2m.qvt.oml/plugins/org.eclipse.m2m.qvt.oml.project
plugin@org.eclipse.m2m.qvt.oml.runtime=v20071214-1800,:pserver:anonymous@dev.eclipse.org:/cvsroot/modeling,,org.eclipse.m2m/org.eclipse.m2m.qvt.oml/plugins/org.eclipse.m2m.qvt.oml.runtime
plugin@org.eclipse.m2m.qvt.oml.runtime.ui=v20071214-1800,:pserver:anonymous@dev.eclipse.org:/cvsroot/modeling,,org.eclipse.m2m/org.eclipse.m2m.qvt.oml/plugins/org.eclipse.m2m.qvt.oml.runtime.ui
plugin@org.eclipse.m2m.qvt.oml.samples=v20071214-1800,:pserver:anonymous@dev.eclipse.org:/cvsroot/modeling,,org.eclipse.m2m/org.eclipse.m2m.qvt.oml/plugins/org.eclipse.m2m.qvt.oml.samples
plugin@org.eclipse.m2m.qvt.oml.trace.edit=v20071214-1800,:pserver:anonymous@dev.eclipse.org:/cvsroot/modeling,,org.eclipse.m2m/org.eclipse.m2m.qvt.oml/plugins/org.eclipse.m2m.qvt.oml.trace.edit
plugin@org.eclipse.m2m.qvt.oml.ui=v20071214-1800,:pserver:anonymous@dev.eclipse.org:/cvsroot/modeling,,org.eclipse.m2m/org.eclipse.m2m.qvt.oml/plugins/org.eclipse.m2m.qvt.oml.ui
